FATAL [2018-03-03 19:51:22] [/home/judgetest/Judger/src/runner.c:39]Error: ROOT_REQUIRED
FATAL [2018-03-03 19:52:58] [/home/judgetest/Judger/src/runner.c:39]Error: ROOT_REQUIRED
